// Jest Snapshot v1, https://goo.gl/fbAQLP

exports[`renders correctly 1`] = `
{
  "children": [
    "Snapshot test!",
  ],
  "props": {
    "style": [
      {
        "color": "#000",
      },
      [
        undefined,
        {
          "fontFamily": "SpaceMono",
        },
      ],
    ],
  },
  "type": "Text",
}
`;
